hello y'all
hello y'all
08/10/2016 19:54:59,Bakery,(86.0, 36.8, 22.0),(0.0, 90.0, 0.0)
08/10/2016 19:54:59,Book Store,(86.0, 36.8, -2.6),(0.0, 90.0, 0.0)
08/10/2016 19:54:59,Camera Store,(86.0, 36.8, 9.7),(0.0, 90.0, 0.0)
08/10/2016 19:54:59,Costume Shop,(86.0, 36.8, 71.0),(0.0, 90.0, 0.0)
08/10/2016 19:54:59,Gym,(86.0, 36.8, 46.5),(0.0, 90.0, 0.0)
08/10/2016 19:54:59,Ice Cream Parlor,(-34.0, 36.8, 9.0),(0.0, 90.0, 0.0)
08/10/2016 19:54:59,Fast Food Restaurant,(86.0, 36.8, 34.2),(0.0, 90.0, 0.0)
08/10/2016 19:54:59,Florist,(86.0, 36.8, 58.7),(0.0, 90.0, 0.0)
